[2026-06-07T05:50:54.818Z] [INFO] MongoDB connected successfully
[2026-06-07T05:50:54.853Z] [INFO] 🚀 Server running on http://localhost:5000
[2026-06-07T05:50:54.997Z] [INFO] MongoDB connected successfully
[2026-06-07T05:50:55.781Z] [INFO] Socket connected: yGtH93JIqex38k-xAAAC
[2026-06-07T05:50:55.784Z] [INFO] User registered: sessionId=re89714607, handle=8030f1dfde65
[2026-06-07T05:50:55.792Z] [INFO] Socket connected: jpSAeFZv2ZACT8anAAAD
[2026-06-07T05:50:55.799Z] [INFO] User registered: sessionId=bk69xuabhe6, handle=9ee3a339f6d2
[2026-06-07T05:51:00.772Z] [WARN] Socket disconnected: jpSAeFZv2ZACT8anAAAD
[2026-06-07T05:51:00.773Z] [WARN] Socket disconnected: yGtH93JIqex38k-xAAAC
[2026-06-07T05:51:00.782Z] [INFO] Socket connected: uMm1UzJOuj_XBP85AAAG
[2026-06-07T05:51:00.785Z] [INFO] User registered: sessionId=bk69xuabhe6, handle=9ee3a339f6d2
[2026-06-07T05:51:00.789Z] [INFO] Socket connected: t0HtdTMQZQLGtwSFAAAH
[2026-06-07T05:51:00.792Z] [INFO] User registered: sessionId=re89714607, handle=8030f1dfde65
[2026-06-07T05:51:17.327Z] [INFO] Socket connected: LouDBXBbDyMNhggRAAAJ
[2026-06-07T05:51:17.331Z] [INFO] User registered: sessionId=xo85e84cmdb, handle=2d666323e85a
[2026-06-07T05:51:24.113Z] [INFO] Socket connected: hYQzC_eYWQ22_BxjAAAL
[2026-06-07T05:51:24.118Z] [WARN] Socket disconnected: LouDBXBbDyMNhggRAAAJ
[2026-06-07T05:51:24.122Z] [INFO] User registered: sessionId=xo85e84cmdb, handle=2d666323e85a
[2026-06-07T05:51:38.548Z] [WARN] Socket disconnected: hYQzC_eYWQ22_BxjAAAL
[2026-06-07T05:51:43.952Z] [INFO] Socket connected: sNXpGCbBc_SLzjWGAAAN
[2026-06-07T05:51:43.987Z] [INFO] User registered: sessionId=xo85e84cmdb, handle=2d666323e85a
[2026-06-07T05:51:58.845Z] [WARN] Socket disconnected: sNXpGCbBc_SLzjWGAAAN
[2026-06-07T05:55:04.205Z] [WARN] Socket disconnected: uMm1UzJOuj_XBP85AAAG
[2026-06-07T05:55:04.470Z] [INFO] Socket connected: SamJS7xKamVOaSC5AAAP
[2026-06-07T05:55:04.471Z] [INFO] User registered: sessionId=bk69xuabhe6, handle=9ee3a339f6d2
[2026-06-07T05:55:12.140Z] [WARN] Socket disconnected: SamJS7xKamVOaSC5AAAP
[2026-06-07T05:55:12.410Z] [INFO] Socket connected: h0fB2iPMkvmWxJj2AAAR
[2026-06-07T05:55:12.437Z] [INFO] User registered: sessionId=bk69xuabhe6, handle=9ee3a339f6d2
[2026-06-07T05:55:15.261Z] [WARN] Socket disconnected: h0fB2iPMkvmWxJj2AAAR
[2026-06-07T05:55:15.375Z] [INFO] Socket connected: YwcDDR8CrVbRudrxAAAT
[2026-06-07T05:55:15.381Z] [INFO] User registered: sessionId=bk69xuabhe6, handle=9ee3a339f6d2
[2026-06-07T05:55:59.543Z] [INFO] MongoDB connected successfully
[2026-06-07T05:55:59.571Z] [INFO] 🚀 Server running on http://localhost:5000
[2026-06-07T05:55:59.844Z] [INFO] MongoDB connected successfully
[2026-06-07T05:56:00.300Z] [INFO] Socket connected: dNw8r6eSzr1hlAHPAAAB
[2026-06-07T05:56:00.302Z] [INFO] User registered: sessionId=bk69xuabhe6, handle=9ee3a339f6d2
[2026-06-07T05:56:00.480Z] [INFO] Socket connected: O0ZfahWQgOpwHEF_AAAD
[2026-06-07T05:56:00.481Z] [INFO] User registered: sessionId=re89714607, handle=8030f1dfde65
[2026-06-07T05:56:06.375Z] [INFO] MongoDB connected successfully
[2026-06-07T05:56:06.408Z] [INFO] 🚀 Server running on http://localhost:5000
[2026-06-07T05:56:06.472Z] [INFO] Socket connected: iS9aENabvyLE4OjeAAAB
[2026-06-07T05:56:06.474Z] [INFO] User registered: sessionId=bk69xuabhe6, handle=9ee3a339f6d2
[2026-06-07T05:56:06.518Z] [WARN] Socket disconnected: iS9aENabvyLE4OjeAAAB
[2026-06-07T05:56:06.615Z] [INFO] MongoDB connected successfully
[2026-06-07T05:56:07.241Z] [INFO] Socket connected: -H8wUcCtVH3UguoDAAAD
[2026-06-07T05:56:07.242Z] [INFO] User registered: sessionId=re89714607, handle=8030f1dfde65
[2026-06-07T05:56:20.770Z] [WARN] Socket disconnected: -H8wUcCtVH3UguoDAAAD
[2026-06-07T05:56:20.778Z] [INFO] Socket connected: Zz03aBfNzsmB0sihAAAF
[2026-06-07T05:56:20.780Z] [INFO] User registered: sessionId=re89714607, handle=8030f1dfde65
[2026-06-07T05:56:20.849Z] [INFO] Socket connected: vVqEOJN2r88PC8IUAAAH
[2026-06-07T05:56:20.851Z] [INFO] User registered: sessionId=bk69xuabhe6, handle=9ee3a339f6d2
[2026-06-07T05:56:48.773Z] [WARN] Socket disconnected: Zz03aBfNzsmB0sihAAAF
[2026-06-07T05:56:48.775Z] [WARN] Socket disconnected: vVqEOJN2r88PC8IUAAAH
[2026-06-07T05:56:48.783Z] [INFO] Socket connected: UkLCuN4o5T5cxzXvAAAK
[2026-06-07T05:56:48.784Z] [INFO] User registered: sessionId=re89714607, handle=8030f1dfde65
[2026-06-07T05:56:48.787Z] [INFO] Socket connected: hUsEa-F6_S76zIz1AAAL
[2026-06-07T05:56:48.789Z] [INFO] User registered: sessionId=bk69xuabhe6, handle=9ee3a339f6d2
[2026-06-07T05:56:59.525Z] [WARN] Socket disconnected: hUsEa-F6_S76zIz1AAAL
[2026-06-07T05:57:03.155Z] [INFO] Socket connected: S0vyAdQOxRnLKlaDAAAN
[2026-06-07T05:57:03.157Z] [INFO] User registered: sessionId=bk69xuabhe6, handle=9ee3a339f6d2
[2026-06-07T05:57:24.149Z] [INFO] Friend alias updated: 9ee3a339f6d2 set alias for 8030f1dfde65 to "My Besties Love"
[2026-06-07T05:57:36.123Z] [INFO] Friend alias updated: 8030f1dfde65 set alias for 9ee3a339f6d2 to "Love"
[2026-06-07T05:57:52.004Z] [INFO] Room 8030f1dfde65_9ee3a339f6d2 closed. re89714607 left; bk69xuabhe6 idle.
[2026-06-07T05:57:52.010Z] [INFO] User left queue: re89714607
[2026-06-07T05:57:53.846Z] [INFO] User left queue: re89714607
[2026-06-07T05:57:57.949Z] [INFO] User left queue: bk69xuabhe6
[2026-06-07T05:57:59.724Z] [INFO] User left queue: bk69xuabhe6
[2026-06-07T05:58:52.118Z] [WARN] Socket disconnected: UkLCuN4o5T5cxzXvAAAK
[2026-06-07T05:58:52.145Z] [WARN] Socket disconnected: S0vyAdQOxRnLKlaDAAAN
[2026-06-07T05:58:53.129Z] [INFO] Socket connected: YSM9qkeqiP-426mMAAAQ
[2026-06-07T05:58:53.144Z] [INFO] User registered: sessionId=bk69xuabhe6, handle=9ee3a339f6d2
[2026-06-07T05:58:53.167Z] [INFO] Socket connected: QbI9A81rjdmMbIZXAAAR
[2026-06-07T05:58:53.185Z] [INFO] User registered: sessionId=re89714607, handle=8030f1dfde65
[2026-06-07T05:59:01.769Z] [WARN] Socket disconnected: YSM9qkeqiP-426mMAAAQ
[2026-06-07T05:59:01.771Z] [WARN] Socket disconnected: QbI9A81rjdmMbIZXAAAR
[2026-06-07T05:59:01.783Z] [INFO] Socket connected: mYkglg3opWK-7vqNAAAU
[2026-06-07T05:59:01.784Z] [INFO] User registered: sessionId=re89714607, handle=8030f1dfde65
[2026-06-07T05:59:01.789Z] [INFO] Socket connected: KNJgptqvu8XVJmkbAAAV
[2026-06-07T05:59:01.790Z] [INFO] User registered: sessionId=bk69xuabhe6, handle=9ee3a339f6d2
[2026-06-07T06:02:51.141Z] [WARN] Socket disconnected: KNJgptqvu8XVJmkbAAAV
[2026-06-07T06:02:52.353Z] [INFO] MongoDB connected successfully
[2026-06-07T06:02:52.381Z] [INFO] 🚀 Server running on http://localhost:5000
[2026-06-07T06:02:52.412Z] [INFO] Socket connected: fc7xHduzuXu-O_NdAAAB
[2026-06-07T06:02:52.414Z] [INFO] User registered: sessionId=bk69xuabhe6, handle=9ee3a339f6d2
[2026-06-07T06:02:52.523Z] [INFO] MongoDB connected successfully
[2026-06-07T06:02:52.528Z] [INFO] Socket connected: OMOwV03XH-_x-RntAAAD
[2026-06-07T06:02:52.529Z] [INFO] User registered: sessionId=re89714607, handle=8030f1dfde65
[2026-06-07T06:02:59.624Z] [WARN] Socket disconnected: OMOwV03XH-_x-RntAAAD
[2026-06-07T06:02:59.767Z] [INFO] Socket connected: kShlmKgnHBwKMMP_AAAF
[2026-06-07T06:02:59.770Z] [INFO] User registered: sessionId=re89714607, handle=8030f1dfde65
[2026-06-07T06:03:05.594Z] [INFO] MongoDB connected successfully
[2026-06-07T06:03:05.629Z] [INFO] 🚀 Server running on http://localhost:5000
[2026-06-07T06:03:05.706Z] [INFO] Socket connected: dNOFebezHp5hkXC-AAAB
[2026-06-07T06:03:05.709Z] [INFO] User registered: sessionId=re89714607, handle=8030f1dfde65
[2026-06-07T06:03:05.803Z] [INFO] MongoDB connected successfully
[2026-06-07T06:03:05.825Z] [INFO] Socket connected: FnOOR1aTTVEkoFkSAAAD
[2026-06-07T06:03:05.827Z] [INFO] User registered: sessionId=bk69xuabhe6, handle=9ee3a339f6d2
[2026-06-07T06:03:49.778Z] [WARN] Socket disconnected: dNOFebezHp5hkXC-AAAB
[2026-06-07T06:03:49.791Z] [WARN] Socket disconnected: FnOOR1aTTVEkoFkSAAAD
[2026-06-07T06:03:49.793Z] [INFO] Socket connected: 3_Kt3Z9gSfcKzDGCAAAF
[2026-06-07T06:03:49.798Z] [INFO] User registered: sessionId=re89714607, handle=8030f1dfde65
[2026-06-07T06:03:49.836Z] [INFO] Socket connected: Ftka684gsgp6_DdSAAAH
[2026-06-07T06:03:49.838Z] [INFO] User registered: sessionId=bk69xuabhe6, handle=9ee3a339f6d2
[2026-06-07T06:04:27.771Z] [WARN] Socket disconnected: 3_Kt3Z9gSfcKzDGCAAAF
[2026-06-07T06:04:27.772Z] [WARN] Socket disconnected: Ftka684gsgp6_DdSAAAH
[2026-06-07T06:04:27.780Z] [INFO] Socket connected: -nRAOsHEx7PG-ViHAAAK
[2026-06-07T06:04:27.781Z] [INFO] User registered: sessionId=re89714607, handle=8030f1dfde65
[2026-06-07T06:04:27.785Z] [INFO] Socket connected: BGsX88jErYyfF84CAAAL
[2026-06-07T06:04:27.786Z] [INFO] User registered: sessionId=bk69xuabhe6, handle=9ee3a339f6d2
[2026-06-07T06:04:54.286Z] [INFO] Chat request sent: 9ee3a339f6d2 -> 8030f1dfde65
[2026-06-07T06:05:08.125Z] [INFO] Chat request declined: 8030f1dfde65 declined 9ee3a339f6d2
[2026-06-07T06:06:13.458Z] [WARN] Socket disconnected: BGsX88jErYyfF84CAAAL
[2026-06-07T06:06:13.798Z] [INFO] Socket connected: rc2yjWLWgeTG75nTAAAN
[2026-06-07T06:06:13.806Z] [INFO] User registered: sessionId=bk69xuabhe6, handle=9ee3a339f6d2
[2026-06-07T06:06:16.370Z] [WARN] Socket disconnected: -nRAOsHEx7PG-ViHAAAK
[2026-06-07T06:06:16.486Z] [INFO] Socket connected: PHKRxfnnSBDYEac_AAAP
[2026-06-07T06:06:16.488Z] [INFO] User registered: sessionId=re89714607, handle=8030f1dfde65
[2026-06-07T06:12:06.501Z] [INFO] MongoDB connected successfully
[2026-06-07T06:12:06.529Z] [INFO] 🚀 Server running on http://localhost:5000
[2026-06-07T06:12:06.660Z] [INFO] MongoDB connected successfully
[2026-06-07T06:12:06.771Z] [INFO] Socket connected: LuBCSX1iZMFlXdJsAAAC
[2026-06-07T06:12:06.773Z] [INFO] User registered: sessionId=re89714607, handle=8030f1dfde65
[2026-06-07T06:12:06.781Z] [INFO] Socket connected: paD_gYbhcFkhYF4NAAAD
[2026-06-07T06:12:06.786Z] [INFO] User registered: sessionId=bk69xuabhe6, handle=9ee3a339f6d2
[2026-06-07T06:12:31.765Z] [INFO] MongoDB connected successfully
[2026-06-07T06:12:31.797Z] [INFO] 🚀 Server running on http://localhost:5000
[2026-06-07T06:12:31.884Z] [INFO] MongoDB connected successfully
[2026-06-07T06:12:32.783Z] [INFO] Socket connected: xEPageU0ZVlLedA7AAAC
[2026-06-07T06:12:32.786Z] [INFO] User registered: sessionId=re89714607, handle=8030f1dfde65
[2026-06-07T06:12:32.801Z] [INFO] Socket connected: aaJ262baKTUGwnzIAAAD
[2026-06-07T06:12:32.819Z] [INFO] User registered: sessionId=bk69xuabhe6, handle=9ee3a339f6d2
[2026-06-07T06:12:49.064Z] [INFO] MongoDB connected successfully
[2026-06-07T06:12:49.097Z] [INFO] 🚀 Server running on http://localhost:5000
[2026-06-07T06:12:49.366Z] [INFO] MongoDB connected successfully
[2026-06-07T06:12:49.774Z] [INFO] Socket connected: 0Rj1aW_te9soz1AxAAAB
[2026-06-07T06:12:49.776Z] [INFO] User registered: sessionId=bk69xuabhe6, handle=9ee3a339f6d2
[2026-06-07T06:12:50.775Z] [INFO] Socket connected: bCA4dcpqWr9VNwPaAAAD
[2026-06-07T06:12:50.776Z] [INFO] User registered: sessionId=re89714607, handle=8030f1dfde65
[2026-06-07T06:13:20.584Z] [INFO] MongoDB connected successfully
[2026-06-07T06:13:20.612Z] [INFO] 🚀 Server running on http://localhost:5000
[2026-06-07T06:13:20.740Z] [INFO] Socket connected: OT0qfXBmkmdEoB5ZAAAB
[2026-06-07T06:13:20.742Z] [INFO] User registered: sessionId=re89714607, handle=8030f1dfde65
[2026-06-07T06:13:20.763Z] [INFO] Socket connected: HvksUhdP9ODGsKZ_AAAD
[2026-06-07T06:13:20.765Z] [INFO] User registered: sessionId=bk69xuabhe6, handle=9ee3a339f6d2
[2026-06-07T06:13:20.796Z] [INFO] MongoDB connected successfully
[2026-06-07T06:13:41.656Z] [INFO] MongoDB connected successfully
[2026-06-07T06:13:41.693Z] [INFO] 🚀 Server running on http://localhost:5000
[2026-06-07T06:13:41.907Z] [INFO] MongoDB connected successfully
[2026-06-07T06:13:42.788Z] [INFO] Socket connected: Ekqk4XiX3VCKcNo2AAAC
[2026-06-07T06:13:42.790Z] [INFO] User registered: sessionId=re89714607, handle=8030f1dfde65
[2026-06-07T06:13:42.798Z] [INFO] Socket connected: LvQREPQTQexX8k-XAAAD
[2026-06-07T06:13:42.799Z] [INFO] User registered: sessionId=bk69xuabhe6, handle=9ee3a339f6d2
[2026-06-07T06:13:58.229Z] [INFO] MongoDB connected successfully
[2026-06-07T06:13:58.289Z] [INFO] 🚀 Server running on http://localhost:5000
[2026-06-07T06:13:58.510Z] [INFO] MongoDB connected successfully
[2026-06-07T06:13:58.784Z] [INFO] Socket connected: BQYsTU00cFDqeu4CAAAC
[2026-06-07T06:13:58.786Z] [INFO] User registered: sessionId=re89714607, handle=8030f1dfde65
[2026-06-07T06:13:58.795Z] [INFO] Socket connected: 8GeyUgsZgEBQMpnYAAAD
[2026-06-07T06:13:58.802Z] [INFO] User registered: sessionId=bk69xuabhe6, handle=9ee3a339f6d2
[2026-06-07T06:14:36.398Z] [INFO] MongoDB connected successfully
[2026-06-07T06:14:36.439Z] [INFO] 🚀 Server running on http://localhost:5000
[2026-06-07T06:14:36.468Z] [INFO] MongoDB connected successfully
[2026-06-07T06:14:36.787Z] [INFO] Socket connected: dlrHnBKX_WekbmGEAAAC
[2026-06-07T06:14:36.789Z] [INFO] User registered: sessionId=re89714607, handle=8030f1dfde65
[2026-06-07T06:14:36.799Z] [INFO] Socket connected: EK3WnHdREkbm70dqAAAD
[2026-06-07T06:14:36.808Z] [INFO] User registered: sessionId=bk69xuabhe6, handle=9ee3a339f6d2
[2026-06-07T06:15:25.475Z] [INFO] MongoDB connected successfully
[2026-06-07T06:15:25.526Z] [INFO] 🚀 Server running on http://localhost:5000
[2026-06-07T06:15:25.540Z] [INFO] MongoDB connected successfully
[2026-06-07T06:15:25.793Z] [INFO] Socket connected: 1aRcnTu-I8a5erZNAAAC
[2026-06-07T06:15:25.797Z] [INFO] User registered: sessionId=re89714607, handle=8030f1dfde65
[2026-06-07T06:15:25.804Z] [INFO] Socket connected: xtqqnBHP-QImUZrYAAAD
[2026-06-07T06:15:25.808Z] [INFO] User registered: sessionId=bk69xuabhe6, handle=9ee3a339f6d2
[2026-06-07T06:15:41.564Z] [INFO] MongoDB connected successfully
[2026-06-07T06:15:41.600Z] [INFO] 🚀 Server running on http://localhost:5000
[2026-06-07T06:15:41.935Z] [INFO] MongoDB connected successfully
[2026-06-07T06:15:42.779Z] [INFO] Socket connected: BSg7THP1TQAQiPgEAAAC
[2026-06-07T06:15:42.781Z] [INFO] User registered: sessionId=re89714607, handle=8030f1dfde65
[2026-06-07T06:15:42.789Z] [INFO] Socket connected: tfUFELcOdlWlUqOqAAAD
[2026-06-07T06:15:42.794Z] [INFO] User registered: sessionId=bk69xuabhe6, handle=9ee3a339f6d2
[2026-06-07T06:16:35.823Z] [WARN] Socket disconnected: BSg7THP1TQAQiPgEAAAC
[2026-06-07T06:16:36.007Z] [INFO] Socket connected: r-wReKw0X6yikmxJAAAF
[2026-06-07T06:16:36.022Z] [INFO] User registered: sessionId=re89714607, handle=8030f1dfde65
[2026-06-07T06:16:42.164Z] [INFO] Chat request sent: 8030f1dfde65 -> 9ee3a339f6d2
[2026-06-07T06:16:49.391Z] [INFO] Chat request accepted: 9ee3a339f6d2 accepted 8030f1dfde65
[2026-06-07T06:19:08.773Z] [INFO] Room 8030f1dfde65_9ee3a339f6d2 closed. re89714607 left; bk69xuabhe6 idle.
[2026-06-07T06:19:08.774Z] [WARN] Socket disconnected: r-wReKw0X6yikmxJAAAF
[2026-06-07T06:19:08.784Z] [WARN] Socket disconnected: tfUFELcOdlWlUqOqAAAD
[2026-06-07T06:19:08.786Z] [INFO] Socket connected: WAWzZE6kit_Yfu7RAAAH
[2026-06-07T06:19:08.788Z] [INFO] User registered: sessionId=re89714607, handle=8030f1dfde65
[2026-06-07T06:19:08.826Z] [INFO] Socket connected: KKuuIeXj4sMqt9QsAAAJ
[2026-06-07T06:19:08.828Z] [INFO] User registered: sessionId=bk69xuabhe6, handle=9ee3a339f6d2
[2026-06-07T06:21:07.361Z] [WARN] Socket disconnected: WAWzZE6kit_Yfu7RAAAH
[2026-06-07T06:21:07.505Z] [INFO] Socket connected: yrZXfOrkO0-2j7QkAAAL
[2026-06-07T06:21:07.512Z] [INFO] User registered: sessionId=re89714607, handle=8030f1dfde65
[2026-06-07T06:21:09.978Z] [WARN] Socket disconnected: KKuuIeXj4sMqt9QsAAAJ
[2026-06-07T06:21:10.256Z] [INFO] Socket connected: fFW2dDm5G5j0T9t8AAAN
[2026-06-07T06:21:10.259Z] [INFO] User registered: sessionId=bk69xuabhe6, handle=9ee3a339f6d2
[2026-06-07T06:21:46.916Z] [INFO] Chat request sent: 9ee3a339f6d2 -> 8030f1dfde65
[2026-06-07T06:22:28.717Z] [INFO] Chat request accepted: 8030f1dfde65 accepted 9ee3a339f6d2
[2026-06-07T06:23:07.765Z] [INFO] Room 8030f1dfde65_9ee3a339f6d2 closed. re89714607 left; bk69xuabhe6 idle.
[2026-06-07T06:23:07.766Z] [WARN] Socket disconnected: yrZXfOrkO0-2j7QkAAAL
[2026-06-07T06:23:07.776Z] [INFO] Socket connected: 3kbrOZi7qHrJLMJlAAAP
[2026-06-07T06:23:07.780Z] [INFO] User registered: sessionId=re89714607, handle=8030f1dfde65
[2026-06-07T06:23:07.783Z] [WARN] Socket disconnected: fFW2dDm5G5j0T9t8AAAN
[2026-06-07T06:23:07.825Z] [INFO] Socket connected: ffSbyoWRdi3GCGyQAAAR
[2026-06-07T06:23:07.828Z] [INFO] User registered: sessionId=bk69xuabhe6, handle=9ee3a339f6d2
[2026-06-07T06:24:56.765Z] [WARN] Socket disconnected: 3kbrOZi7qHrJLMJlAAAP
[2026-06-07T06:24:56.773Z] [WARN] Socket disconnected: ffSbyoWRdi3GCGyQAAAR
[2026-06-07T06:24:56.774Z] [INFO] Socket connected: AaUkiFX3vRL1RvS9AAAT
[2026-06-07T06:24:56.779Z] [INFO] User registered: sessionId=re89714607, handle=8030f1dfde65
[2026-06-07T06:24:56.784Z] [INFO] Socket connected: sAYdfcVWxyDiWO3jAAAV
[2026-06-07T06:24:56.788Z] [INFO] User registered: sessionId=bk69xuabhe6, handle=9ee3a339f6d2
[2026-06-07T06:25:16.084Z] [WARN] Socket disconnected: sAYdfcVWxyDiWO3jAAAV
[2026-06-07T06:25:16.362Z] [INFO] Socket connected: A3hP8vHfjPRqTcedAAAX
[2026-06-07T06:25:16.365Z] [INFO] User registered: sessionId=bk69xuabhe6, handle=9ee3a339f6d2
[2026-06-07T06:25:18.576Z] [WARN] Socket disconnected: AaUkiFX3vRL1RvS9AAAT
[2026-06-07T06:25:18.761Z] [INFO] Socket connected: ulkMso4u4XhZCcsnAAAZ
[2026-06-07T06:25:18.768Z] [INFO] User registered: sessionId=re89714607, handle=8030f1dfde65
[2026-06-07T06:32:59.318Z] [INFO] MongoDB connected successfully
[2026-06-07T06:32:59.369Z] [INFO] 🚀 Server running on http://localhost:5000
[2026-06-07T06:32:59.394Z] [INFO] MongoDB connected successfully
[2026-06-07T06:32:59.595Z] [INFO] Socket connected: g9SU8TP5XVPoDVzuAAAB
[2026-06-07T06:32:59.598Z] [INFO] User registered: sessionId=bk69xuabhe6, handle=9ee3a339f6d2
[2026-06-07T06:32:59.773Z] [INFO] Socket connected: 4UhRZbREF4W1Z1KjAAAD
[2026-06-07T06:32:59.774Z] [INFO] User registered: sessionId=re89714607, handle=8030f1dfde65
[2026-06-07T06:33:09.313Z] [INFO] MongoDB connected successfully
[2026-06-07T06:33:09.361Z] [INFO] 🚀 Server running on http://localhost:5000
[2026-06-07T06:33:09.443Z] [INFO] MongoDB connected successfully
[2026-06-07T06:33:09.784Z] [INFO] Socket connected: JdUJ6GDnuwGZ_X8fAAAC
[2026-06-07T06:33:09.786Z] [INFO] User registered: sessionId=bk69xuabhe6, handle=9ee3a339f6d2
[2026-06-07T06:33:09.792Z] [INFO] Socket connected: n-uleWOsqSCdkpxXAAAD
[2026-06-07T06:33:09.794Z] [INFO] User registered: sessionId=re89714607, handle=8030f1dfde65
[2026-06-07T06:33:23.399Z] [INFO] MongoDB connected successfully
[2026-06-07T06:33:23.461Z] [INFO] 🚀 Server running on http://localhost:5000
[2026-06-07T06:33:23.783Z] [INFO] Socket connected: 36i0hPVfacfXh1CwAAAB
[2026-06-07T06:33:23.786Z] [INFO] User registered: sessionId=re89714607, handle=8030f1dfde65
[2026-06-07T06:33:23.794Z] [INFO] MongoDB connected successfully
[2026-06-07T06:33:24.776Z] [INFO] Socket connected: -VfsAMAmTjHkDjveAAAD
[2026-06-07T06:33:24.778Z] [INFO] User registered: sessionId=bk69xuabhe6, handle=9ee3a339f6d2
[2026-06-07T06:34:21.184Z] [WARN] Socket disconnected: -VfsAMAmTjHkDjveAAAD
[2026-06-07T06:34:21.483Z] [INFO] Socket connected: _gccjIEDZ9uq0yvoAAAF
[2026-06-07T06:34:21.485Z] [INFO] User registered: sessionId=bk69xuabhe6, handle=9ee3a339f6d2
[2026-06-07T06:34:24.195Z] [WARN] Socket disconnected: 36i0hPVfacfXh1CwAAAB
[2026-06-07T06:34:24.359Z] [INFO] Socket connected: _bw9RIe3ZoVrxjvxAAAH
[2026-06-07T06:34:24.369Z] [INFO] User registered: sessionId=re89714607, handle=8030f1dfde65
[2026-06-07T06:34:29.323Z] [WARN] Socket disconnected: _gccjIEDZ9uq0yvoAAAF
[2026-06-07T06:34:29.503Z] [INFO] Socket connected: UwRwyH6nnQvbxrEWAAAJ
[2026-06-07T06:34:29.505Z] [INFO] User registered: sessionId=bk69xuabhe6, handle=9ee3a339f6d2
